---
source: src/plugins/looking.rs
expression: reply.to_json()?
---
"impossible"
