---
source: src/plugins/carrying.rs
expression: reply.to_json()?
---
"done"
