---
source: plugins/core/src/security/mod.rs
expression: reply.to_debug_json()?
---
{
  "reply": {
    "taggedJson": [
      "simpleReply",
      "done"
    ]
  }
}
