---
source: libs/plugins/core/src/building.rs
expression: reply.to_json()?
---
{
  "editor": {
    "editing": {
      "description": ""
    },
    "key": "E-2"
  }
}
