---
source: plugins/core/src/carrying/tests.rs
expression: reply.to_debug_json()?
---
{
  "reply": {
    "taggedJson": {
      "simpleReply": "impossible"
    }
  }
}
