---
source: plugins/core/src/helping/tests.rs
expression: effect.to_debug_json()?
---
{
  "reply": {
    "taggedJson": [
      "simpleReply",
      "notFound"
    ]
  }
}
