---
source: libs/tests/src/lib.rs
expression: domain.snapshot().await?
---
[
  {
    "acls": {
      "rules": []
    },
    "creator": null,
    "identity": {
      "private": "",
      "public": "",
      "signature": null
    },
    "key": "E-0",
    "klass": {
      "py/type": ""
    },
    "parent": null,
    "props": {
      "map": {
        "gid": {
          "acls": {
            "rules": []
          },
          "value": 1
        },
        "name": {
          "acls": {
            "rules": []
          },
          "value": "Place"
        }
      }
    },
    "scopes": {},
    "version": {
      "i": 3
    }
  },
  {
    "acls": {
      "rules": []
    },
    "creator": null,
    "identity": {
      "private": "",
      "public": "",
      "signature": null
    },
    "key": "E-1",
    "klass": {
      "py/type": ""
    },
    "parent": null,
    "props": {
      "map": {
        "gid": {
          "acls": {
            "rules": []
          },
          "value": 2
        },
        "name": {
          "acls": {
            "rules": []
          },
          "value": "Key"
        }
      }
    },
    "scopes": {
      "location": {
        "container": {
          "gid": 3,
          "key": "E-2",
          "klass": "",
          "name": "Vessel"
        }
      }
    },
    "version": {
      "i": 3
    }
  },
  {
    "acls": {
      "rules": []
    },
    "creator": null,
    "identity": {
      "private": "",
      "public": "",
      "signature": null
    },
    "key": "E-2",
    "klass": {
      "py/type": ""
    },
    "parent": null,
    "props": {
      "map": {
        "gid": {
          "acls": {
            "rules": []
          },
          "value": 3
        },
        "name": {
          "acls": {
            "rules": []
          },
          "value": "Vessel"
        }
      }
    },
    "scopes": {
      "containing": {
        "capacity": null,
        "holding": [
          {
            "gid": 2,
            "key": "E-1",
            "klass": "",
            "name": "Key"
          }
        ],
        "produces": {}
      },
      "location": {
        "container": {
          "gid": 6,
          "key": "E-5",
          "klass": "",
          "name": "Welcome Area"
        }
      }
    },
    "version": {
      "i": 3
    }
  },
  {
    "acls": {
      "rules": []
    },
    "creator": null,
    "identity": {
      "private": "",
      "public": "",
      "signature": null
    },
    "key": "E-3",
    "klass": {
      "py/type": ""
    },
    "parent": null,
    "props": {
      "map": {
        "gid": {
          "acls": {
            "rules": []
          },
          "value": 4
        },
        "name": {
          "acls": {
            "rules": []
          },
          "value": "Living"
        }
      }
    },
    "scopes": {
      "containing": {
        "capacity": null,
        "holding": [],
        "produces": {}
      },
      "occupying": {
        "area": {
          "gid": 6,
          "key": "E-5",
          "klass": "",
          "name": "Welcome Area"
        }
      }
    },
    "version": {
      "i": 3
    }
  },
  {
    "acls": {
      "rules": []
    },
    "creator": null,
    "identity": {
      "private": "",
      "public": "",
      "signature": null
    },
    "key": "world",
    "klass": {
      "py/type": ""
    },
    "parent": null,
    "props": {
      "map": {
        "gid": {
          "acls": {
            "rules": []
          },
          "value": 5
        },
        "name": {
          "acls": {
            "rules": []
          },
          "value": "World"
        }
      }
    },
    "scopes": {
      "identifiers": {
        "acls": {
          "rules": []
        },
        "gid": 7
      },
      "usernames": {
        "users": {
          "burrow": "E-3"
        }
      }
    },
    "version": {
      "i": 3
    }
  },
  {
    "acls": {
      "rules": []
    },
    "creator": null,
    "identity": {
      "private": "",
      "public": "",
      "signature": null
    },
    "key": "E-5",
    "klass": {
      "py/type": ""
    },
    "parent": null,
    "props": {
      "map": {
        "gid": {
          "acls": {
            "rules": []
          },
          "value": 6
        },
        "name": {
          "acls": {
            "rules": []
          },
          "value": "Welcome Area"
        }
      }
    },
    "scopes": {
      "containing": {
        "capacity": null,
        "holding": [
          {
            "gid": 7,
            "key": "E-6",
            "klass": "",
            "name": "East"
          },
          {
            "gid": 3,
            "key": "E-2",
            "klass": "",
            "name": "Vessel"
          }
        ],
        "produces": {}
      },
      "occupyable": {
        "acls": {
          "rules": []
        },
        "occupancy": 0,
        "occupied": [
          {
            "gid": 4,
            "key": "E-3",
            "klass": "",
            "name": "Living"
          }
        ]
      }
    },
    "version": {
      "i": 3
    }
  },
  {
    "acls": {
      "rules": []
    },
    "creator": null,
    "identity": {
      "private": "",
      "public": "",
      "signature": null
    },
    "key": "E-6",
    "klass": {
      "py/type": ""
    },
    "parent": null,
    "props": {
      "map": {
        "gid": {
          "acls": {
            "rules": []
          },
          "value": 7
        },
        "name": {
          "acls": {
            "rules": []
          },
          "value": "East"
        }
      }
    },
    "scopes": {
      "exit": {
        "area": {
          "gid": 1,
          "key": "E-0",
          "klass": "",
          "name": "Place"
        }
      },
      "location": {
        "container": {
          "gid": 6,
          "key": "E-5",
          "klass": "",
          "name": "Welcome Area"
        }
      }
    },
    "version": {
      "i": 3
    }
  }
]
