---
source: plugins/core/src/looking/tests.rs
expression: reply.to_debug_json()?
---
{
  "simpleReply": "notFound"
}
