---
source: plugins/core/src/looking/tests.rs
expression: reply.to_debug_json()?
---
{
  "reply": {
    "taggedJson": {
      "entityObservation": {
        "entity": {
          "desc": null,
          "key": "E-1",
          "name": "Hammer",
          "qualified": "a Hammer"
        },
        "wearing": null
      }
    }
  }
}
