---
source: plugins/core/src/building/tests.rs
expression: reply.to_debug_json()?
---
{
  "reply": {
    "taggedJson": [
      "editorReply",
      {
        "editing": {
          "markdown": "Cool Broom\n\n~~~~~~~~~~~~~~~~~~~~~~~~~~~~~~~~~~~~~~~~~~~~~~~~~~~~~~~~~~~~~~~~~~~~~~~~~~~~~~~~\n\n"
        },
        "key": "E-3",
        "save": {
          "saveQuickEditAction": {
            "copy": {
              "markdown": "!#$value"
            },
            "key": "E-3"
          }
        }
      }
    ]
  }
}
