---
source: plugins/core/src/helping.rs
expression: effect.to_debug_json()?
---
{
  "editorReply": {
    "editing": {
      "markdown": "# Hello, world!"
    },
    "key": "E-3",
    "save": null,
    "target": "help"
  }
}
