---
source: plugins/core/src/building.rs
expression: reply.to_json()?
---
{
  "BasicReply": {
    "editor": {
      "editing": {
        "description": ""
      },
      "key": "E-1"
    }
  }
}
