---
source: plugins/core/src/carrying.rs
expression: reply.to_json()?
---
{
  "simple": "impossible"
}
