---
source: plugins/core/src/looking.rs
expression: reply.to_json()?
---
{
  "BasicReply": {
    "simple": "impossible"
  }
}
