---
source: plugins/core/src/security.rs
expression: reply.to_debug_json()?
---
{
  "simpleReply": "done"
}
