---
source: plugins/core/src/building.rs
expression: reply.to_json()?
---
{
  "editor": {
    "editing": {
      "json": {
        "acls": {
          "rules": []
        },
        "creator": null,
        "identity": {
          "private": "",
          "public": "",
          "signature": null
        },
        "key": "E-0",
        "klass": {
          "py/type": ""
        },
        "parent": null,
        "props": {
          "map": {
            "gid": {
              "acls": {
                "rules": []
              },
              "value": 1
            },
            "name": {
              "acls": {
                "rules": []
              },
              "value": "Living"
            }
          }
        },
        "scopes": {
          "containing": {
            "capacity": null,
            "holding": [],
            "produces": {}
          },
          "occupying": {
            "area": {
              "gid": 3,
              "key": "E-2",
              "klass": "",
              "name": "Welcome Area"
            }
          }
        },
        "version": {
          "i": 2
        }
      }
    },
    "key": "E-0"
  }
}
