---
source: plugins/core/src/carrying.rs
expression: reply.to_json()?
---
{
  "basicReply": {
    "simple": "done"
  }
}
