---
source: plugins/core/src/helping.rs
expression: effect.to_debug_json()?
---
{
  "markdownReply": {
    "value": "# Hello, world!"
  }
}
