---
source: plugins/core/src/memory.rs
expression: reply.to_debug_json()?
---
{
  "reply": {
    "taggedJson": [
      "memories",
      []
    ]
  }
}
